[21000:35636:0517/210556.884:WARNING:chrome_main_delegate.cc(745)] This is Chrome version 128.0.6613.138 (not a warning)
[21000:35636:0517/210556.942:WARNING:account_consistency_mode_manager.cc(77)] Desktop Identity Consistency cannot be enabled as no OAuth client ID and client secret have been configured.
[21000:35636:0517/210601.982:ERROR:device_event_log_impl.cc(196)] [21:06:01.975] USB: usb_service_win.cc:105 SetupDiGetDeviceProperty({{A45C254E-DF1C-4EFD-8020-67D146A850E0}, 6}) failed: Элемент не найден. (0x490)
[22988:36128:0517/210602.272:WARNING:frame_impl.cc(430)] virtual CefFrameImpl::SendProcessMessage sent to detached frame 5-0652016929DF32F8EDD1F0CEC88FCBA5 will be ignored
[21000:37940:0517/210602.729:WARNING:browser_info.cc(345)] Returning a speculative frame for [8,9]
[21000:35636:0517/210602.963:WARNING:browser_info.cc(345)] Returning a speculative frame for [9,9]
[21000:35636:0517/210602.963:WARNING:browser_info.cc(345)] Returning a speculative frame for [9,9]
[21000:35636:0517/210602.963:WARNING:browser_info.cc(345)] Returning a speculative frame for [9,9]
[21000:35636:0517/210602.963:WARNING:browser_info.cc(345)] Returning a speculative frame for [9,9]
[21000:37940:0517/210602.966:WARNING:browser_info.cc(345)] Returning a speculative frame for [9,9]
[34700:31456:0517/210604.512:WARNING:codec.cc(525)] Explicitly added H264 constrained baseline to list of supported formats.
[34700:31456:0517/210604.940:WARNING:codec.cc(525)] Explicitly added H264 constrained baseline to list of supported formats.
[34700:30896:0517/210604.946:WARNING:codec.cc(525)] Explicitly added H264 constrained baseline to list of supported formats.
[34700:30896:0517/210604.946:WARNING:codec.cc(525)] Explicitly added H264 constrained baseline to list of supported formats.
[34700:30896:0517/210604.946:WARNING:codec.cc(525)] Explicitly added H264 constrained baseline to list of supported formats.
[36108:34292:0517/210604.966:WARNING:host_resolver_dns_task.cc(863)] Address list empty after RFC3484 sort
[36108:34292:0517/210604.969:ERROR:socket_manager.cc(147)] Failed to resolve address for stun.cloudflare.com., errorcode: -105
[36108:34292:0517/210604.969:ERROR:socket_manager.cc(147)] Failed to resolve address for stun.cloudflare.com., errorcode: -105
[36108:34292:0517/210604.969:ERROR:socket_manager.cc(147)] Failed to resolve address for stun.cloudflare.com., errorcode: -105
[34700:30896:0517/210604.969:WARNING:stun_port.cc(442)] Port[3f84000:0:1:0:host:Net[any:0:0:0:x:x:x:x:x/0:Wildcard:id=0]]: StunPort: stun host lookup received error -1
[34700:30896:0517/210604.969:WARNING:stun_port.cc(442)] Port[3f84400:1:1:0:host:Net[any:0:0:0:x:x:x:x:x/0:Wildcard:id=0]]: StunPort: stun host lookup received error -1
[34700:30896:0517/210604.969:WARNING:stun_port.cc(442)] Port[3f84c00:2:1:0:host:Net[any:0:0:0:x:x:x:x:x/0:Wildcard:id=0]]: StunPort: stun host lookup received error -1
[32916:25616:0517/210819.415:ERROR:shared_image_manager.cc(224)] SharedImageManager::ProduceSkia: Trying to Produce a Skia representation from a non-existent mailbox.
[21000:35636:0517/211112.414:WARNING:sad_tab.cc(255)] Tab Killed: https://editor.unrealengine.com/
[21000:35636:0517/211117.912:ERROR:network_service_instance_impl.cc(608)] Network service crashed, restarting service.
[21000:35636:0517/211117.915:ERROR:gpu_process_host.cc(1007)] GPU process exited unexpectedly: exit_code=1073807364
